#-----------------------------------------------------------
# Webtalk v2019.1 (64-bit)
# SW Build 2552052 on Fri May 24 14:47:09 MDT 2019
# IP Build 2548770 on Fri May 24 18:01:18 MDT 2019
# Start of session at: Thu Jul  2 22:00:18 2020
# Process ID: 12550
# Current directory: /home/wykys/projects/upol-ma105msps10b-fpga/multichannel-analysis/multichannel-analysis.sim/sim_1/synth/timing/xsim
# Command line: wbtcv -mode batch -source /home/wykys/projects/upol-ma105msps10b-fpga/multichannel-analysis/multichannel-analysis.sim/sim_1/synth/timing/xsim/xsim.dir/top_tb_time_synth/webtalk/xsim_webtalk.tcl -notrace
# Log file: /home/wykys/projects/upol-ma105msps10b-fpga/multichannel-analysis/multichannel-analysis.sim/sim_1/synth/timing/xsim/webtalk.log
# Journal file: /home/wykys/projects/upol-ma105msps10b-fpga/multichannel-analysis/multichannel-analysis.sim/sim_1/synth/timing/xsim/webtalk.jou
#-----------------------------------------------------------
source /home/wykys/projects/upol-ma105msps10b-fpga/multichannel-analysis/multichannel-analysis.sim/sim_1/synth/timing/xsim/xsim.dir/top_tb_time_synth/webtalk/xsim_webtalk.tcl -notrace
