#-----------------------------------------------------------
# Webtalk v2019.1 (64-bit)
# SW Build 2552052 on Fri May 24 14:47:09 MDT 2019
# IP Build 2548770 on Fri May 24 18:01:18 MDT 2019
# Start of session at: Sat Jul  4 00:16:50 2020
# Process ID: 19125
# Current directory: /home/wykys/projects/upol-ma105msps10b-fpga/multichannel-analysis/multichannel-analysis.sim/sim_1/behav/xsim
# Command line: wbtcv -mode batch -source /home/wykys/projects/upol-ma105msps10b-fpga/multichannel-analysis/multichannel-analysis.sim/sim_1/behav/xsim/xsim.dir/top_tb_behav/webtalk/xsim_webtalk.tcl -notrace
# Log file: /home/wykys/projects/upol-ma105msps10b-fpga/multichannel-analysis/multichannel-analysis.sim/sim_1/behav/xsim/webtalk.log
# Journal file: /home/wykys/projects/upol-ma105msps10b-fpga/multichannel-analysis/multichannel-analysis.sim/sim_1/behav/xsim/webtalk.jou
#-----------------------------------------------------------
source /home/wykys/projects/upol-ma105msps10b-fpga/multichannel-analysis/multichannel-analysis.sim/sim_1/behav/xsim/xsim.dir/top_tb_behav/webtalk/xsim_webtalk.tcl -notrace
