Copyright 1986-2020 Xilinx, Inc. All Rights Reserved.
------------------------------------------------------------------------------------
| Tool Version : Vivado v.2020.1 (lin64) Build 2902540 Wed May 27 19:54:35 MDT 2020
| Date         : Thu Jul  9 21:44:20 2020
| Host         : wpc running 64-bit Linux Mint 19.3 Tricia
| Command      : report_control_sets -verbose -file top_control_sets_placed.rpt
| Design       : top
| Device       : xc7s15
------------------------------------------------------------------------------------

Control Set Information

Table of Contents
-----------------
1. Summary
2. Histogram
3. Flip-Flop Distribution
4. Detailed Control Set Information

1. Summary
----------

+----------------------------------------------------------+-------+
|                          Status                          | Count |
+----------------------------------------------------------+-------+
| Total control sets                                       |    24 |
|    Minimum number of control sets                        |    24 |
|    Addition due to synthesis replication                 |     0 |
|    Addition due to physical synthesis replication        |     0 |
| Unused register locations in slices containing registers |    71 |
+----------------------------------------------------------+-------+
* Control sets can be merged at opt_design using control_set_merge or merge_equivalent_drivers
** Run report_qor_suggestions for automated merging and remapping suggestions


2. Histogram
------------

+--------------------+-------+
|       Fanout       | Count |
+--------------------+-------+
| Total control sets |    24 |
| >= 0 to < 4        |     2 |
| >= 4 to < 6        |     2 |
| >= 6 to < 8        |     1 |
| >= 8 to < 10       |     7 |
| >= 10 to < 12      |     2 |
| >= 12 to < 14      |     0 |
| >= 14 to < 16      |     0 |
| >= 16              |    10 |
+--------------------+-------+
* Control sets can be remapped at either synth_design or opt_design


3. Flip-Flop Distribution
-------------------------

+--------------+-----------------------+------------------------+-----------------+--------------+
| Clock Enable | Synchronous Set/Reset | Asynchronous Set/Reset | Total Registers | Total Slices |
+--------------+-----------------------+------------------------+-----------------+--------------+
| No           | No                    | No                     |              22 |            9 |
| No           | No                    | Yes                    |               0 |            0 |
| No           | Yes                   | No                     |              26 |            7 |
| Yes          | No                    | No                     |             123 |           32 |
| Yes          | No                    | Yes                    |               0 |            0 |
| Yes          | Yes                   | No                     |             102 |           28 |
+--------------+-----------------------+------------------------+-----------------+--------------+


4. Detailed Control Set Information
-----------------------------------

+----------------------------+-----------------------------------------------------+------------------------------------------------+------------------+----------------+--------------+
|        Clock Signal        |                    Enable Signal                    |                Set/Reset Signal                | Slice Load Count | Bel Load Count | Bels / Slice |
+----------------------------+-----------------------------------------------------+------------------------------------------------+------------------+----------------+--------------+
|  clk_wiz_0_inst/inst/clk_o | sram_driver_inst/sram_we_n_o_i_1_n_0                | rst_driver_inst/SR[0]                          |                1 |              1 |         1.00 |
|  clk_i_IBUF                |                                                     |                                                |                3 |              3 |         1.00 |
|  clk_wiz_0_inst/inst/clk_o | brain_inst/opcode_jump[3]_i_1_n_0                   | rst_driver_inst/SR[0]                          |                1 |              4 |         4.00 |
|  clk_wiz_0_inst/inst/clk_o | brain_inst/opcode[3]_i_1_n_0                        | rst_driver_inst/SR[0]                          |                2 |              4 |         2.00 |
|  clk_wiz_0_inst/inst/clk_o | spi_driver_inst/data_rx_0                           |                                                |                1 |              7 |         7.00 |
|  clk_wiz_0_inst/inst/clk_o | spi_driver_inst/data_o[7]_i_2_n_0                   | spi_driver_inst/data_o[7]_i_1_n_0              |                2 |              8 |         4.00 |
|  clk_wiz_0_inst/inst/clk_o | spi_driver_inst/first_o_reg_0[0]                    | rst_driver_inst/SR[0]                          |                3 |              8 |         2.67 |
|  clk_wiz_0_inst/inst/clk_o | spi_driver_inst/FSM_onehot_spi_byte_order_reg[1][0] |                                                |                1 |              8 |         8.00 |
|  clk_wiz_0_inst/inst/clk_o | spi_driver_inst/FSM_onehot_spi_byte_order_reg[0][0] |                                                |                2 |              8 |         4.00 |
|  clk_wiz_0_inst/inst/clk_o | spi_driver_inst/E[0]                                | rst_driver_inst/SR[0]                          |                2 |              8 |         4.00 |
|  clk_wiz_0_inst/inst/clk_o | spi_driver_inst/data_tx[7]_i_1_n_0                  |                                                |                2 |              8 |         4.00 |
|  clk_wiz_0_inst/inst/clk_o | brain_inst/spi_data_vld_o_i_1_n_0                   | rst_driver_inst/SR[0]                          |                3 |              8 |         2.67 |
|  clk_i_IBUF                | dsp_inst/maximum_seeker_inst/max[v][9]_i_2_n_0      | dsp_inst/maximum_seeker_inst/max[v][9]_i_1_n_0 |                2 |             10 |         5.00 |
|  clk_i_IBUF                | dsp_inst/maximum_seeker_inst/E[0]                   |                                                |                5 |             10 |         2.00 |
|  clk_wiz_0_inst/inst/clk_o | brain_inst/sram_data_o[15]_i_1_n_0                  | rst_driver_inst/SR[0]                          |                3 |             16 |         5.33 |
|  clk_wiz_0_inst/inst/clk_o | rst_driver_inst/FSM_onehot_opcode_reg[2][0]         |                                                |                3 |             16 |         5.33 |
|  clk_wiz_0_inst/inst/clk_o | brain_inst/sram_data_2                              |                                                |                4 |             16 |         4.00 |
|  clk_wiz_0_inst/inst/clk_o | brain_inst/sram_start_read_address_0                |                                                |                4 |             16 |         4.00 |
|  clk_wiz_0_inst/inst/clk_o | brain_inst/sram_address_cnt_1                       |                                                |                7 |             17 |         2.43 |
|  clk_wiz_0_inst/inst/clk_o | rst_driver_inst/E[0]                                |                                                |                3 |             17 |         5.67 |
|  clk_wiz_0_inst/inst/clk_o | brain_inst/sram_address_o[16]_i_1_n_0               | rst_driver_inst/SR[0]                          |                4 |             17 |         4.25 |
|  clk_wiz_0_inst/inst/clk_o | sram_driver_inst/FSM_onehot_opcode_reg[0]_0         | rst_driver_inst/SR[0]                          |                5 |             18 |         3.60 |
|  clk_wiz_0_inst/inst/clk_o |                                                     |                                                |                6 |             19 |         3.17 |
|  clk_wiz_0_inst/inst/clk_o |                                                     | rst_driver_inst/SR[0]                          |                7 |             26 |         3.71 |
+----------------------------+-----------------------------------------------------+------------------------------------------------+------------------+----------------+--------------+


